mapname:europa_plus
minx:0
maxx:0
miny:0
maxy:0
minz:0
maxz:0
tile:0:0:0:0:0:0:0:100:platform
litem:1
starting_point:0:0:0:0:0:0
deathpoint:0:0:0:0:0:0
disable:coordinates
disable:camera
disable:camerawall
disable:mfwc
disable:cameraplayer
disable:cameraitem
disable:cameradoor
disable:camerapdoor
disable:cameraicdoor
disable:cameraitdoor
disable:cameraigdoor
disable:cameraautomover
disable:camerapautomover
disable:cameraicautomover
disable:cameraitautomover
disable:cameraigautomover
disable:cameraautomatic_travelpoint
disable:camerapautomatic_travelpoint
disable:cameraicautomatic_travelpoint
disable:cameraitautomatic_travelpoint
disable:cameraigautomatic_travelpoint
disable:cameratravelpoint
disable:cameraptravelpoint
disable:cameraictravelpoint
disable:cameraittravelpoint
disable:cameraigtravelpoint
disable:cameravp
disable:cameraff
disable:camerah
disable:cameratp
disable:camerasign
disable:cameratxt
disable:jump
disable:spy
disable:spyplayer
disable:spyitem
disable:spydoor
disable:spypdoor
disable:spyicdoor
disable:spyitdoor
disable:spyigdoor
disable:spyautomover
disable:spypautomover
disable:spyicautomover
disable:spyitautomover
disable:spyigautomover
disable:spyautomatic_travelpoint
disable:spypautomatic_travelpoint
disable:spyicautomatic_travelpoint
disable:spyitautomatic_travelpoint
disable:spyigautomatic_travelpoint
disable:spytravelpoint
disable:spyptravelpoint
disable:spyictravelpoint
disable:spyittravelpoint
disable:spyigtravelpoint
disable:spyvp
disable:spyff
disable:spyh
disable:spytp
disable:spysign
disable:spytxt
disable:localchat
disable:voicechat
disable:ttschat
disable:tracking
disable:tlp
rain:none.ogg
wind:none.ogg
night:none.ogg
safezone:0:0:0:0:0:0
travelpoint:0:0:0:0:0:0:media_station:2:0:0: :silence.ogg:silence.ogg:silence.ogg
zone:0:0:0:0:0:0:exit path:trackme
url:http://ep128.streamr.ru
item_usage_restriction:0:0:0:0:0:0:conex:beehive:small_conex:locker:fridge:microwave:sky_racer:ford:sorento:dogan_slx:grayhound_bus:m60_tank:tank:truck:v4_by_4_jeep:dodge_charger:doom_buggy:ford_pickup_truck:mlk_mission_cruiser:muscle_car:generic_motorcycle:frog_motorcycle:ducati_street_fighter:onda_cbr_600:yamaha_r6:aprilia_v4:aprilia_rs660:ducati_diavel:yamaha_off_road:kawasaki_hipersport:kawasaki_adventure_tourer:ducati_scrumbler:bmw_off_road:motor_boat

owner:mad-gamer