mapname:kiss951
minx:0
maxx:0
miny:0
maxy:0
minz:0
maxz:0
tile:0:0:0:0:0:0:0:100:platform
litem:1
starting_point:0:0:0:0:0:0
deathpoint:0:0:0:0:0:0
disable:coordinates
disable:camera
disable:camerawall
disable:mfwc
disable:cameraplayer
disable:cameraitem
disable:cameradoor
disable:camerapdoor
disable:cameraicdoor
disable:cameraitdoor
disable:cameraigdoor
disable:cameraautomover
disable:camerapautomover
disable:cameraicautomover
disable:cameraitautomover
disable:cameraigautomover
disable:cameraautomatic_travelpoint
disable:camerapautomatic_travelpoint
disable:cameraicautomatic_travelpoint
disable:cameraitautomatic_travelpoint
disable:cameraigautomatic_travelpoint
disable:cameratravelpoint
disable:cameraptravelpoint
disable:cameraictravelpoint
disable:cameraittravelpoint
disable:cameraigtravelpoint
disable:cameravp
disable:cameraff
disable:camerah
disable:cameratp
disable:camerasign
disable:cameratxt
disable:motor
disable:car
disable:wand
disable:jump
disable:itemgrabber
disable:spy
disable:spyplayer
disable:spyitem
disable:spydoor
disable:spypdoor
disable:spyicdoor
disable:spyitdoor
disable:spyigdoor
disable:spyautomover
disable:spypautomover
disable:spyicautomover
disable:spyitautomover
disable:spyigautomover
disable:spyautomatic_travelpoint
disable:spypautomatic_travelpoint
disable:spyicautomatic_travelpoint
disable:spyitautomatic_travelpoint
disable:spyigautomatic_travelpoint
disable:spytravelpoint
disable:spyptravelpoint
disable:spyictravelpoint
disable:spyittravelpoint
disable:spyigtravelpoint
disable:spyvp
disable:spyff
disable:spyh
disable:spytp
disable:spysign
disable:spytxt
disable:localchat
disable:voicechat
disable:ttschat
disable:boat
disable:tracking
disable:tlp
disable:house
disable:beehive
disable:store
disable:locker
disable:microwave
disable:fridge
rain:none.ogg
wind:none.ogg
night:none.ogg
safezone:0:0:0:0:0:0
travelpoint:0:0:0:0:0:0:media_station:5:0:0: :silence.ogg:silence.ogg:silence.ogg
zone:0:0:0:0:0:0:exit path:trackme
owner:mad-gamer
url:https://24373.live.streamtheworld.com/WNKSFM.mp3
